// Vitest Snapshot v1, https://vitest.dev/guide/snapshot.html

exports[`TasksPage > renders stable markup 1`] = `
"<q-page-stub class="q-pa-md">
  <div class="q-mx-auto" style="max-width: 640px;">
    <q-card-stub flat="" bordered="">
      <q-card-section-stub>
        <div class="text-h6 text-secondary text-weight-bold">pages.tasks.title</div>
        <div class="text-body2 text-grey-8 q-mt-xs">pages.tasks.hint</div>
      </q-card-section-stub>
      <q-separator-stub></q-separator-stub>
      <q-list-stub separator="">
        <q-item-stub>
          <q-item-section-stub>
            <q-item-label-stub class="text-weight-medium">Sports</q-item-label-stub>
            <q-item-label-stub caption="">common.targetLabel</q-item-label-stub>
          </q-item-section-stub>
          <q-item-section-stub side="">
            <div class="row q-gutter-xs">
              <q-btn-stub flat="" round="" dense="" icon="edit" color="secondary" aria-label="pages.tasks.editTask" disable="false"></q-btn-stub>
              <q-btn-stub flat="" round="" dense="" icon="delete" color="negative" aria-label="pages.tasks.deleteTask" disable="false"></q-btn-stub>
            </div>
          </q-item-section-stub>
        </q-item-stub>
      </q-list-stub>
      <q-separator-stub></q-separator-stub>
      <q-card-actions-stub align="right">
        <q-btn-stub color="primary" no-caps="" icon="add" label="common.addTask"></q-btn-stub>
      </q-card-actions-stub>
    </q-card-stub>
  </div>
</q-page-stub>
<div></div>
<q-dialog-stub modelvalue="false" persistent="">
  <q-card-stub style="min-width: 320px; width: 100%; max-width: 420px;">
    <q-card-section-stub>
      <div class="text-h6">pages.tasks.deleteTask</div>
    </q-card-section-stub>
    <q-card-section-stub class="q-pt-none">pages.tasks.deleteConfirm</q-card-section-stub>
    <q-card-actions-stub align="right">
      <q-btn-stub flat="" no-caps="" label="common.cancel" disable="false"></q-btn-stub>
      <q-btn-stub color="negative" no-caps="" label="common.delete" loading="false"></q-btn-stub>
    </q-card-actions-stub>
  </q-card-stub>
</q-dialog-stub>"
`;
