// Vitest Snapshot v1, https://vitest.dev/guide/snapshot.html

exports[`TasksPage > renders stable markup 1`] = `
"<q-page-stub class="page page-enter">
  <header class="page-head">
    <div class="page-eyebrow">pages.tasks.eyebrow</div>
    <h1 class="page-title">pages.tasks.title</h1>
    <p class="page-sub">pages.tasks.subtitle</p>
  </header>
  <div class="tasks-list">
    <div class="tasks-row" data-id="task-1"><button class="drag-handle" type="button" aria-label="Reorder"><svg viewBox="0 0 20 20" fill="currentColor" aria-hidden="true" width="16" height="16">
          <circle cx="7" cy="5" r="1.5"></circle>
          <circle cx="13" cy="5" r="1.5"></circle>
          <circle cx="7" cy="10" r="1.5"></circle>
          <circle cx="13" cy="10" r="1.5"></circle>
          <circle cx="7" cy="15" r="1.5"></circle>
          <circle cx="13" cy="15" r="1.5"></circle>
        </svg></button><button type="button" class="tasks-row__body">
        <div class="freq" aria-hidden="true">3 <span class="x">pages.tasks.freqSuffix</span></div>
        <div class="body">
          <div class="title">Sports</div>
          <div class="hint">pages.tasks.hintDaysOfSeven
            <!--v-if-->
          </div>
        </div>
        <q-icon-stub class="chev" name="chevron_right" aria-hidden="true"></q-icon-stub>
      </button>
      <q-menu-stub context-menu="" touch-position="">
        <q-list-stub dense="">
          <q-item-stub clickable="">
            <q-item-section-stub>pages.tasks.archiveTask</q-item-section-stub>
          </q-item-stub>
        </q-list-stub>
      </q-menu-stub>
    </div>
  </div>
  <q-slide-transition-stub>
    <!--v-if-->
  </q-slide-transition-stub><button type="button" class="add-cta"> + pages.tasks.newTask</button>
  <div></div>
</q-page-stub>"
`;
