// Vitest Snapshot v1, https://vitest.dev/guide/snapshot.html

exports[`TaskFormDialog > renders stable markup 1`] = `
"<q-dialog-stub model-value="true" persistent="">
  <q-card-stub class="vol-surface-card" style="min-width: 320px; width: 100%; max-width: 420px;">
    <q-card-section-stub>
      <div class="text-h6">pages.newTask.title</div>
    </q-card-section-stub>
    <q-card-section-stub class="q-pt-none">
      <q-input-stub modelvalue="" outlined="" maxlength="100" label="pages.newTask.taskTitle" placeholder="pages.newTask.taskTitlePlaceholder" error="false" error-message="" class="q-mb-md"></q-input-stub>
      <q-select-stub modelvalue="3" outlined="" emit-value="" map-options="" label="pages.newTask.targetPerWeek" options="[object Object],[object Object],[object Object],[object Object],[object Object],[object Object],[object Object]"></q-select-stub>
    </q-card-section-stub>
    <q-card-actions-stub align="right">
      <q-btn-stub flat="" no-caps="" label="common.cancel" disable="false"></q-btn-stub>
      <q-btn-stub color="primary" no-caps="" label="pages.newTask.create" loading="false"></q-btn-stub>
    </q-card-actions-stub>
  </q-card-stub>
</q-dialog-stub>"
`;
