// Vitest Snapshot v1, https://vitest.dev/guide/snapshot.html

exports[`TaskNewPage > renders stable markup 1`] = `
"<q-page-stub class="q-pa-md">
  <div class="q-mx-auto" style="max-width: 640px;">
    <q-card-stub flat="" bordered="">
      <q-card-section-stub>
        <div class="text-h6 text-secondary text-weight-bold">pages.newTask.title</div>
        <div class="text-body2 text-grey-8 q-mt-xs">pages.newTask.hint</div>
      </q-card-section-stub>
      <q-separator-stub></q-separator-stub>
      <q-card-section-stub>
        <!--v-if-->
        <q-form-stub>
          <q-input-stub modelvalue="" outlined="" maxlength="100" label="pages.newTask.taskTitle" placeholder="pages.newTask.taskTitlePlaceholder" error="false" error-message="" class="q-mb-md"></q-input-stub>
          <q-select-stub modelvalue="3" outlined="" emit-value="" map-options="" label="pages.newTask.targetPerWeek" options="[object Object],[object Object],[object Object],[object Object],[object Object],[object Object],[object Object]" class="q-mb-lg"></q-select-stub>
          <div class="row justify-end q-gutter-sm">
            <q-btn-stub flat="" color="secondary" no-caps="" label="common.backToTasks" to="/tasks"></q-btn-stub>
            <q-btn-stub color="primary" no-caps="" type="submit" label="pages.newTask.create" loading="false"></q-btn-stub>
          </div>
        </q-form-stub>
      </q-card-section-stub>
    </q-card-stub>
  </div>
</q-page-stub>"
`;
