// Vitest Snapshot v1, https://vitest.dev/guide/snapshot.html

exports[`TodayPage > renders stable markup 1`] = `
"<q-page-stub class="page page-enter">
  <header class="page-head">
    <div class="page-eyebrow">pages.today.eyebrow</div>
    <h1 class="page-title">pages.today.title</h1>
  </header>
  <today-hero-stub done="0" total="1" quote="A quiet beginning." eyebrow="pages.today.heroEyebrow" oflabel="pages.today.heroOf"></today-hero-stub>
  <div class="section-head">
    <h2 class="section-title">pages.today.allTasks</h2><button type="button" class="section-link">common.addNew</button>
  </div>
  <div class="task-list">
    <div class="task-row">
      <div class="task-body">
        <h3 class="task-title">Sports</h3>
        <div class="task-meta"><span>pages.today.progressLabel</span>
          <!--v-if--><span class="dot" aria-hidden="true"></span>
          <week-mini-stub pattern="0,0,0,0,0,0,0" todayidx="5" aria-label="Week check-ins"></week-mini-stub>
        </div>
      </div><button class="check-btn-stub"></button>
    </div>
  </div><button type="button" class="add-cta"> + common.newIntention</button>
  <div></div>
</q-page-stub>"
`;
