// Vitest Snapshot v1, https://vitest.dev/guide/snapshot.html

exports[`WeekPage > renders stable markup 1`] = `
"<q-page-stub class="page page-enter">
  <header class="page-head">
    <div class="page-eyebrow">pages.week.eyebrow</div>
    <h1 class="page-title">pages.week.title</h1>
  </header>
  <week-strip-stub done="2" target="3" eyebrow="pages.week.stripEyebrow" oflabel="pages.week.stripOf" subtitle="pages.week.stripSubtitle"></week-strip-stub>
  <div class="section-head">
    <h2 class="section-title">pages.week.perTask</h2>
  </div>
  <div>
    <article class="week-card">
      <div class="week-card-head">
        <div>
          <h3 class="week-card-title">Sports</h3>
          <div class="week-card-meta">pages.week.targetPerWeek</div>
          <!--v-if-->
        </div>
        <div class="week-card-progress">2 <span class="of">/ 3</span></div>
      </div>
      <viz-dots-stub pattern="1,1,0,0,0,0,0" todayidx="5" daylabels="M,T,W,T,F,S,S"></viz-dots-stub>
    </article>
  </div>
</q-page-stub>"
`;
